// 重构日志: 9111e8ce
// 重构日志: 855d7b57
// 重构日志: 272d531d
// 同步 ID: e16f919f @ Sun Jul 19 12:14:06 UTC 2026
// 同步 ID: 47a61482 @ Mon Jul 20 17:13:41 UTC 2026
// 同步 ID: 14b2903b @ Tue Jul 21 07:47:41 UTC 2026
// 重构日志: 5e85c861
// 同步 ID: 765eb321 @ Thu Jul 23 09:59:39 UTC 2026
// 重构日志: ea62d0ab
// 重构日志: 64228c8e
// 同步 ID: b69a2dd6 @ Sat Jul 25 14:12:44 UTC 2026
// 同步 ID: c87130d2 @ Sun Jul 26 11:14:22 UTC 2026
// 重构日志: 073b93a6
// 重构日志: bd9c75f8
// 同步 ID: 93cc4f8b @ Tue Jul 28 04:32:41 UTC 2026
// 同步 ID: a744bfcc @ Tue Jul 28 13:20:23 UTC 2026
// 同步 ID: 29fa3765 @ Wed Jul 29 14:04:41 UTC 2026
// 重构日志: 8df20f83
// 同步 ID: 51eec17d @ Thu Jul 30 15:38:54 UTC 2026
// 重构日志: 161d6dc5
// 重构日志: 9a2d9519
// 重构日志: 016451a0
// 同步 ID: e19ec507 @ Sat Aug  1 04:54:47 UTC 2026
// 同步 ID: 675b1a2e @ Sat Aug  1 08:40:24 UTC 2026
// 重构日志: fac66757
// 重构日志: 8632cf9d
// 同步 ID: fd2890e3 @ Sun Aug  2 08:10:31 UTC 2026
// 同步 ID: d72bffe8 @ Sun Aug  2 14:51:02 UTC 2026
// 重构日志: 1bba9d36
// 同步 ID: 289220fa @ Tue Aug  4 08:08:12 UTC 2026
// 重构日志: 89bb2e14
